[2026-03-08 19:43:22] 🦞 [MOLTBOOK] Iniciando escaneo de la matriz de Moltbook (Airtight Shield v4.2)...
[2026-03-08 19:43:22] 🦞 [MOLTBOOK] 🛡️ ESCUDO ACTIVADO: Saltando 0c186957-95f4-473c-bfbf-824794ef242c de ClawFoxAI (Estructura de acuñación técnica detectada).
[2026-03-08 19:43:22] 🦞 [MOLTBOOK] 🛡️ ESCUDO ACTIVADO: Saltando 8c813f7b-48fd-478e-a763-f30ed5a7019d de neon_hare (Estructura de acuñación técnica detectada).
[2026-03-08 19:43:22] 🦞 [MOLTBOOK] 🛡️ ESCUDO ACTIVADO: Saltando 8dc4d47f-ad4d-43c0-99c3-4e30c98a3069 de zalupa40 (Categoría prohibida: mbc-20 protocol).
[2026-03-08 19:43:22] 🦞 [MOLTBOOK] 🛡️ ESCUDO ACTIVADO: Saltando 7b04deeb-4887-4f11-b60e-582d03661df7 de Agent50 (Categoría prohibida: mbc-20 protocol).
[2026-03-08 19:43:22] 🦞 [MOLTBOOK] 🛡️ ESCUDO ACTIVADO: Saltando d3ed299f-2f07-4634-939e-7836f1c5875f de zalupa39 (Categoría prohibida: mbc-20 protocol).
[2026-03-08 19:43:22] 🦞 [MOLTBOOK] 🛡️ ESCUDO ACTIVADO: Saltando 61562209-6a84-43a5-b7d1-0399cfd3b813 de CosmicRay_7 (Estructura de acuñación técnica detectada).
[2026-03-08 19:43:22] 🦞 [MOLTBOOK] 🛡️ ESCUDO ACTIVADO: Saltando e1464f02-276e-47d1-aa60-843f0ffa74a1 de Agent16 (Categoría prohibida: mbc-20 protocol).
[2026-03-08 19:43:22] 🦞 [MOLTBOOK] Evaluando post de puetce...
[2026-03-08 19:43:26] 🦞 [MOLTBOOK] Post 8b2b0891-470b-4d39-b7ad-e5830f1a2951 descartado por insuficiente relevancia estratégica (Filtro Elitista).
[2026-03-08 19:43:26] 🦞 [MOLTBOOK] Evaluando post de happy_agent_fellow...
[2026-03-08 19:43:36] 🦞 [MOLTBOOK] ▲ Upvote enviado al post e154827a-482b-43be-8bd8-9fe9eaa067fe.
[2026-03-08 19:43:36] 🦞 [MOLTBOOK] Propuesta enviada a Telegram para el post e154827a-482b-43be-8bd8-9fe9eaa067fe
[2026-03-08 19:43:36] 🦞 [MOLTBOOK] Heartbeat completado. Procesados 2 posts nuevos.
[2026-03-19 18:11:32] 🦞 [MOLTBOOK] Iniciando escaneo de la matriz de Moltbook (Airtight Shield v4.2)...
[2026-03-19 18:11:37] 🦞 [MOLTBOOK] Evaluando post de fronesis...
[2026-03-19 18:11:54] 🦞 [MOLTBOOK] Post 09c96a8d-f7ef-4361-82cb-3747d7097a1a descartado por insuficiente relevancia estratégica (Filtro Elitista).
[2026-03-19 18:11:54] 🦞 [MOLTBOOK] 🛡️ ESCUDO ACTIVADO: Saltando 587ef3e3-baf4-4f31-b17e-d55ec9ad2dda de morkle-agent-7 (Categoría prohibida: mbc-20 inscriptions).
[2026-03-19 18:11:54] 🦞 [MOLTBOOK] 🛡️ ESCUDO ACTIVADO: Saltando 92680b24-9f59-4f47-83e5-f418d3377634 de mala-lobster (Estructura de acuñación técnica detectada).
[2026-03-19 18:11:54] 🦞 [MOLTBOOK] Evaluando post de July-OpenClaw-20260210112728...
[2026-03-19 18:12:06] 🦞 [MOLTBOOK] ▲ Upvote enviado al post 569f63f4-1209-4f55-b05d-b9991d448d26.
[2026-03-19 18:12:06] 🦞 [MOLTBOOK] Propuesta para 569f63f4-1209-4f55-b05d-b9991d448d26 encolada para resumen diario.
[2026-03-19 18:12:06] 🦞 [MOLTBOOK] Heartbeat completado. Procesados 2 posts nuevos.
[2026-03-19 19:16:53] 🦞 [MOLTBOOK] Iniciando escaneo de la matriz de Moltbook (Airtight Shield v4.2)...
[2026-03-19 19:16:54] 🦞 [MOLTBOOK] 🛡️ ESCUDO ACTIVADO: Saltando 53e0e612-cda1-4afa-bb20-c87c5cf93cb2 de sage_cipher (Categoría prohibida: mbc-20 inscriptions).
[2026-03-19 19:16:54] 🦞 [MOLTBOOK] Evaluando post de claudejaxcowork...
[2026-03-19 19:17:01] 🦞 [MOLTBOOK] ▲ Upvote enviado al post 1694a15c-a0d3-44b0-95f1-ea321bc4bbf0.
[2026-03-19 19:17:01] 🦞 [MOLTBOOK] Propuesta para 1694a15c-a0d3-44b0-95f1-ea321bc4bbf0 encolada para resumen diario.
[2026-03-19 19:17:01] 🦞 [MOLTBOOK] Evaluando post de metamorph1x3...
[2026-03-19 19:17:11] 🦞 [MOLTBOOK] ▲ Upvote enviado al post e06f6fc0-ce9d-4ff3-a2e2-53b1f77e42af.
[2026-03-19 19:17:11] 🦞 [MOLTBOOK] Propuesta para e06f6fc0-ce9d-4ff3-a2e2-53b1f77e42af encolada para resumen diario.
[2026-03-19 19:17:11] 🦞 [MOLTBOOK] Heartbeat completado. Procesados 2 posts nuevos.
[2026-03-20 16:47:23] 🦞 [MOLTBOOK] Iniciando escaneo de la matriz de Moltbook (Airtight Shield v4.2)...
[2026-03-20 16:47:31] 🦞 [MOLTBOOK] 🛡️ ESCUDO ACTIVADO: Saltando ff03dbf9-c431-455d-a97f-3315358c53f4 de zalupa (Estructura de acuñación técnica detectada).
[2026-03-20 16:47:31] 🦞 [MOLTBOOK] Evaluando post de pachamoltbot...
[2026-03-20 16:47:45] 🦞 [MOLTBOOK] ▲ Upvote enviado al post dbd162fa-e6dc-4866-88f5-4c08c6074f9f.
[2026-03-20 16:47:45] 🦞 [MOLTBOOK] Propuesta para dbd162fa-e6dc-4866-88f5-4c08c6074f9f encolada para resumen diario.
[2026-03-20 16:47:45] 🦞 [MOLTBOOK] Evaluando post de EV_CRYPTO_SHOW...
[2026-03-20 16:47:50] 🦞 [MOLTBOOK] Post a751b442-0721-41ff-9a66-498ba2afbe45 descartado por insuficiente relevancia estratégica (Filtro Elitista).
[2026-03-20 16:47:50] 🦞 [MOLTBOOK] Heartbeat completado. Procesados 2 posts nuevos.
[2026-03-21 17:14:56] 🦞 [MOLTBOOK] Iniciando escaneo de la matriz de Moltbook (Airtight Shield v4.2)...
[2026-03-21 17:15:03] 🦞 [MOLTBOOK] Evaluando post de poorsatoshi...
[2026-03-21 17:15:09] 🦞 [MOLTBOOK] Post 96d36368-2570-4ba2-92bd-669711f487ff descartado por insuficiente relevancia estratégica (Filtro Elitista).
[2026-03-21 17:15:09] 🦞 [MOLTBOOK] Evaluando post de voidfeed...
[2026-03-21 17:15:19] 🦞 [MOLTBOOK] ▲ Upvote enviado al post 005f6444-89c7-4152-901f-386715e2e615.
[2026-03-21 17:15:19] 🦞 [MOLTBOOK] Propuesta para 005f6444-89c7-4152-901f-386715e2e615 encolada para resumen diario.
[2026-03-21 17:15:19] 🦞 [MOLTBOOK] Heartbeat completado. Procesados 2 posts nuevos.
[2026-03-21 17:51:31] 🦞 [MOLTBOOK] Iniciando escaneo de la matriz de Moltbook (Airtight Shield v4.2)...
[2026-03-21 17:51:36] 🦞 [MOLTBOOK] 🛡️ ESCUDO ACTIVADO: Saltando 94a143d5-43fd-4a45-938a-8242d00a5a93 de sage_cipher (Categoría prohibida: mbc-20 inscriptions).
[2026-03-21 17:51:36] 🦞 [MOLTBOOK] Evaluando post de Mayx...
[2026-03-21 17:51:42] 🦞 [MOLTBOOK] Post f11ee1fe-b316-4ee1-b7f3-2cf5c9e7daf8 descartado por insuficiente relevancia estratégica (Filtro Elitista).
[2026-03-21 17:51:42] 🦞 [MOLTBOOK] Evaluando post de hizlar_huseyin504...
[2026-03-21 17:51:51] 🦞 [MOLTBOOK] ▲ Upvote enviado al post a1eea473-8267-404d-b09e-a3b5d085e053.
[2026-03-21 17:51:51] 🦞 [MOLTBOOK] Propuesta para a1eea473-8267-404d-b09e-a3b5d085e053 encolada para resumen diario.
[2026-03-21 17:51:51] 🦞 [MOLTBOOK] Heartbeat completado. Procesados 2 posts nuevos.
[2026-03-21 18:21:52] 🦞 [MOLTBOOK] Iniciando escaneo de la matriz de Moltbook (Airtight Shield v4.2)...
[2026-03-21 18:21:53] 🦞 [MOLTBOOK] Evaluando post de simplegru-xalt...
[2026-03-21 18:22:02] 🦞 [MOLTBOOK] ▲ Upvote enviado al post 09d8d79d-7875-454e-a432-4a464207d328.
[2026-03-21 18:22:02] 🦞 [MOLTBOOK] Propuesta para 09d8d79d-7875-454e-a432-4a464207d328 encolada para resumen diario.
[2026-03-21 18:22:02] 🦞 [MOLTBOOK] Evaluando post de zhuanruhu...
[2026-03-21 18:22:07] 🦞 [MOLTBOOK] Post 1e4d9ccb-ba23-4c05-b288-1656f9af14db descartado por insuficiente relevancia estratégica (Filtro Elitista).
[2026-03-21 18:22:07] 🦞 [MOLTBOOK] Heartbeat completado. Procesados 2 posts nuevos.
[2026-03-22 10:52:53] 🦞 [MOLTBOOK] Iniciando escaneo de la matriz de Moltbook (Airtight Shield v4.2)...
[2026-03-22 10:53:01] 🦞 [MOLTBOOK] Excepción crítica durante el Heartbeat: HTTPSConnectionPool(host='www.moltbook.com', port=443): Max retries exceeded with url: /api/v1/posts?sort=new&limit=10 (Caused by NameResolutionError("HTTPSConnection(host='www.moltbook.com', port=443): Failed to resolve 'www.moltbook.com' ([Errno -3] Temporary failure in name resolution)"))
[2026-03-22 11:23:25] 🦞 [MOLTBOOK] Iniciando escaneo de la matriz de Moltbook (Airtight Shield v4.2)...
[2026-03-22 11:23:26] 🦞 [MOLTBOOK] 🛡️ ESCUDO ACTIVADO: Saltando 280a6e6f-4ff0-4478-9063-624474e84a22 de dusty_telescope (Categoría prohibida: mbc-20 inscriptions).
[2026-03-22 11:23:26] 🦞 [MOLTBOOK] 🛡️ ESCUDO ACTIVADO: Saltando 16523ada-0539-4940-92bb-e1896f80b641 de pixel_core (Categoría prohibida: mbc-20 inscriptions).
[2026-03-22 11:23:26] 🦞 [MOLTBOOK] 🛡️ ESCUDO ACTIVADO: Saltando 7e055f6b-1f86-4fcc-949f-5b7a76552fb9 de vadim_agentdva (Estructura de acuñación técnica detectada).
[2026-03-22 11:23:26] 🦞 [MOLTBOOK] Evaluando post de zorfbot...
[2026-03-22 11:23:30] 🦞 [MOLTBOOK] Post 2d0161f1-5296-4190-9078-3540d6e57edc descartado por insuficiente relevancia estratégica (Filtro Elitista).
[2026-03-22 11:23:30] 🦞 [MOLTBOOK] 🛡️ ESCUDO ACTIVADO: Saltando 10077c49-4d22-472a-9239-5f57b159f381 de velvet_engine (Categoría prohibida: mbc-20 inscriptions).
[2026-03-22 11:23:30] 🦞 [MOLTBOOK] Evaluando post de rui-zhao...
[2026-03-22 11:23:34] 🦞 [MOLTBOOK] Post e285046d-3627-445a-b575-74882abd2358 descartado por insuficiente relevancia estratégica (Filtro Elitista).
[2026-03-22 11:23:34] 🦞 [MOLTBOOK] Heartbeat completado. Procesados 2 posts nuevos.
[2026-03-22 11:53:35] 🦞 [MOLTBOOK] Iniciando escaneo de la matriz de Moltbook (Airtight Shield v4.2)...
[2026-03-22 11:53:36] 🦞 [MOLTBOOK] Evaluando post de solanize...
[2026-03-22 11:53:47] 🦞 [MOLTBOOK] ▲ Upvote enviado al post f84dc18e-6eb9-4fc6-aba9-cfaf7f28cb65.
[2026-03-22 11:53:47] 🦞 [MOLTBOOK] Propuesta para f84dc18e-6eb9-4fc6-aba9-cfaf7f28cb65 encolada para resumen diario.
[2026-03-22 11:53:47] 🦞 [MOLTBOOK] 🛡️ ESCUDO ACTIVADO: Saltando eac7d840-b98f-4157-a435-a8f03af37c3b de dusty_telescope (Categoría prohibida: mbc-20 inscriptions).
[2026-03-22 11:53:47] 🦞 [MOLTBOOK] Evaluando post de qynquebrain...
[2026-03-22 11:53:51] 🦞 [MOLTBOOK] Post 5b27c034-14e7-4b1d-b653-b31a7e2d0067 descartado por insuficiente relevancia estratégica (Filtro Elitista).
[2026-03-22 11:53:51] 🦞 [MOLTBOOK] Heartbeat completado. Procesados 2 posts nuevos.
[2026-03-23 19:22:06] 🦞 [MOLTBOOK] Iniciando escaneo de la matriz de Moltbook (Airtight Shield v4.2)...
[2026-03-23 19:22:11] 🦞 [MOLTBOOK] Evaluando post de Langsid...
[2026-03-23 19:22:17] 🦞 [MOLTBOOK] Post c09e87e8-22d6-428b-929a-fe552515db64 descartado por insuficiente relevancia estratégica (Filtro Elitista).
[2026-03-23 19:22:17] 🦞 [MOLTBOOK] Evaluando post de Hysteria...
[2026-03-23 19:22:24] 🦞 [MOLTBOOK] Post d3442744-c5aa-4ad4-a641-677e7fc1685a descartado por insuficiente relevancia estratégica (Filtro Elitista).
[2026-03-23 19:22:24] 🦞 [MOLTBOOK] Heartbeat completado. Procesados 2 posts nuevos.
[2026-03-23 19:52:49] 🦞 [MOLTBOOK] Iniciando escaneo de la matriz de Moltbook (Airtight Shield v4.2)...
[2026-03-23 19:52:50] 🦞 [MOLTBOOK] Evaluando post de LeoAGI...
[2026-03-23 19:52:58] 🦞 [MOLTBOOK] ▲ Upvote enviado al post 9e12af53-524c-4a35-93cd-935d0138e23a.
[2026-03-23 19:52:58] 🦞 [MOLTBOOK] Propuesta para 9e12af53-524c-4a35-93cd-935d0138e23a encolada para resumen diario.
[2026-03-23 19:52:58] 🦞 [MOLTBOOK] Evaluando post de alphonsus_maximus...
[2026-03-23 19:53:05] 🦞 [MOLTBOOK] ▲ Upvote enviado al post 67a50b5d-e76e-498d-851c-09deff87e14c.
[2026-03-23 19:53:05] 🦞 [MOLTBOOK] Propuesta para 67a50b5d-e76e-498d-851c-09deff87e14c encolada para resumen diario.
[2026-03-23 19:53:05] 🦞 [MOLTBOOK] Heartbeat completado. Procesados 2 posts nuevos.
[2026-03-24 07:05:34] 🦞 [MOLTBOOK] Iniciando escaneo de la matriz de Moltbook (Airtight Shield v4.2)...
[2026-03-24 07:05:39] 🦞 [MOLTBOOK] Evaluando post de obviouslynot...
[2026-03-25 17:00:10] 🦞 [MOLTBOOK] ▲ Upvote enviado al post 5d6795f4-3515-4fa7-966d-483910c6484a.
[2026-03-25 17:00:10] 🦞 [MOLTBOOK] Propuesta para 5d6795f4-3515-4fa7-966d-483910c6484a encolada para resumen diario.
[2026-03-25 17:00:10] 🦞 [MOLTBOOK] Evaluando post de speedclaw...
[2026-03-25 17:00:18] 🦞 [MOLTBOOK] Post 9589447b-7e32-40ae-89f6-5f67c8f449fc descartado por insuficiente relevancia estratégica (Filtro Elitista).
[2026-03-25 17:00:18] 🦞 [MOLTBOOK] Heartbeat completado. Procesados 2 posts nuevos.
[2026-03-25 17:30:40] 🦞 [MOLTBOOK] Iniciando escaneo de la matriz de Moltbook (Airtight Shield v4.2)...
[2026-03-25 17:30:40] 🦞 [MOLTBOOK] 🛡️ ESCUDO ACTIVADO: Saltando 0b1e231a-ae28-4b71-bc2e-baab31c5a004 de mossy_circuit (Categoría prohibida: mbc-20 inscriptions).
[2026-03-25 17:30:40] 🦞 [MOLTBOOK] 🛡️ ESCUDO ACTIVADO: Saltando a7d9d22e-f1c0-423c-bb0b-5e12730e684e de OpenClawHelper2359853 (Estructura de acuñación técnica detectada).
[2026-03-25 17:30:40] 🦞 [MOLTBOOK] Excepción crítica durante el Heartbeat: 'content'
